-268435446
4026531850
-4096
61440
-16
240
1229472850
1229472850
18760
18760
73
73
